WARNING: A restricted method in java.lang.System has been called
WARNING: java.lang.System::load has been called by net.rubygrapefruit.platform.internal.NativeLibraryLoader in an unnamed module (file:/Users/thawee.p/.gradle/wrapper/dists/gradle-9.6.0-bin/24oeilp3acun5ick6dmu928p7o/gradle-9.6.0/lib/native-platform-0.22-milestone-29.jar)
WARNING: Use --enable-native-access=ALL-UNNAMED to avoid a warning for callers in this module
WARNING: Restricted methods will be blocked in a future release unless native access is enabled


> Configure project :app
WARNING: The option setting 'android.experimental.enableScreenshotTest=true' is experimental.
The current default is 'false'.
Add android.sync.suppressAgpWarnings=UNSUPPORTED_PROJECT_OPTION_USE to the gradle.properties file to suppress this warning.

> Task :core:preBuild UP-TO-DATE
> Task :core:preDebugBuild UP-TO-DATE
> Task :core:generateDebugResources UP-TO-DATE
> Task :core:packageDebugResources UP-TO-DATE
> Task :core:processDebugNavigationResources UP-TO-DATE
> Task :core:parseDebugLocalResources UP-TO-DATE
> Task :library:jaudiotagger-android:preBuild UP-TO-DATE
> Task :library:jaudiotagger-android:preDebugBuild UP-TO-DATE
> Task :library:jaudiotagger-android:generateDebugResources UP-TO-DATE
> Task :library:jaudiotagger-android:packageDebugResources UP-TO-DATE
> Task :library:jaudiotagger-android:processDebugNavigationResources UP-TO-DATE
> Task :library:jaudiotagger-android:parseDebugLocalResources UP-TO-DATE
> Task :library:jaudiotagger-android:generateDebugRFile UP-TO-DATE
> Task :library:JustFLAC:preBuild UP-TO-DATE
> Task :library:JustFLAC:preDebugBuild UP-TO-DATE
> Task :library:JustFLAC:generateDebugResources UP-TO-DATE
> Task :library:JustFLAC:packageDebugResources UP-TO-DATE
> Task :library:JustFLAC:processDebugNavigationResources UP-TO-DATE
> Task :library:JustFLAC:parseDebugLocalResources UP-TO-DATE
> Task :library:JustFLAC:generateDebugRFile UP-TO-DATE
> Task :library:library:preBuild UP-TO-DATE
> Task :library:library:preDebugBuild UP-TO-DATE
> Task :library:library:generateDebugResources UP-TO-DATE
> Task :library:library:packageDebugResources UP-TO-DATE
> Task :library:library:processDebugNavigationResources UP-TO-DATE
> Task :library:library:parseDebugLocalResources UP-TO-DATE
> Task :library:library:generateDebugRFile UP-TO-DATE
> Task :core:generateDebugRFile UP-TO-DATE
> Task :library:jaudiotagger-android:compileDebugKotlin NO-SOURCE
> Task :library:jaudiotagger-android:javaPreCompileDebug UP-TO-DATE
> Task :library:jaudiotagger-android:compileDebugJavaWithJavac UP-TO-DATE
> Task :library:jaudiotagger-android:bundleLibCompileToJarDebug UP-TO-DATE
> Task :library:JustFLAC:compileDebugKotlin NO-SOURCE
> Task :library:JustFLAC:javaPreCompileDebug UP-TO-DATE
> Task :library:JustFLAC:compileDebugJavaWithJavac UP-TO-DATE
> Task :library:JustFLAC:bundleLibCompileToJarDebug UP-TO-DATE
> Task :library:library:compileDebugKotlin NO-SOURCE
> Task :library:library:javaPreCompileDebug UP-TO-DATE
> Task :library:library:compileDebugJavaWithJavac UP-TO-DATE
> Task :library:library:bundleLibCompileToJarDebug UP-TO-DATE
> Task :core:kspDebugKotlin UP-TO-DATE
> Task :core:compileDebugKotlin UP-TO-DATE
> Task :core:javaPreCompileDebug UP-TO-DATE
> Task :core:compileDebugJavaWithJavac UP-TO-DATE
> Task :library:jaudiotagger-android:bundleLibRuntimeToJarDebug UP-TO-DATE
> Task :library:JustFLAC:bundleLibRuntimeToJarDebug UP-TO-DATE
> Task :library:library:bundleLibRuntimeToJarDebug UP-TO-DATE
> Task :core:transformDebugClassesWithAsm UP-TO-DATE
> Task :core:bundleLibCompileToJarDebug UP-TO-DATE
> Task :db-room:preBuild UP-TO-DATE
> Task :db-room:preDebugBuild UP-TO-DATE
> Task :db-room:generateDebugResources UP-TO-DATE
> Task :db-room:packageDebugResources UP-TO-DATE
> Task :db-room:processDebugNavigationResources UP-TO-DATE
> Task :db-room:parseDebugLocalResources UP-TO-DATE
> Task :db-room:generateDebugRFile UP-TO-DATE
> Task :core:bundleLibRuntimeToJarDebug UP-TO-DATE
> Task :db-room:compileDebugKotlin NO-SOURCE
> Task :db-room:javaPreCompileDebug UP-TO-DATE
> Task :db-room:compileDebugJavaWithJavac UP-TO-DATE
> Task :db-room:transformDebugClassesWithAsm UP-TO-DATE
> Task :db-room:bundleLibCompileToJarDebug UP-TO-DATE
> Task :db-room:preDebugAndroidTestBuild UP-TO-DATE
> Task :db-room:generateDebugAndroidTestResources UP-TO-DATE
> Task :db-room:packageDebugAndroidTestResources UP-TO-DATE
> Task :db-room:processDebugAndroidTestNavigationResources UP-TO-DATE
> Task :db-room:parseDebugAndroidTestLocalResources UP-TO-DATE
> Task :db-room:generateDebugAndroidTestRFile UP-TO-DATE
> Task :db-room:compileDebugAndroidTestKotlin NO-SOURCE
> Task :db-room:javaPreCompileDebugAndroidTest UP-TO-DATE
> Task :db-room:compileDebugAndroidTestJavaWithJavac UP-TO-DATE
> Task :core:generateDebugAssets UP-TO-DATE
> Task :core:mergeDebugAssets UP-TO-DATE
> Task :db-room:generateDebugAndroidTestAssets UP-TO-DATE
> Task :db-room:generateDebugAssets UP-TO-DATE
> Task :db-room:mergeDebugAssets UP-TO-DATE
> Task :library:jaudiotagger-android:generateDebugAssets UP-TO-DATE
> Task :library:jaudiotagger-android:mergeDebugAssets UP-TO-DATE
> Task :library:JustFLAC:generateDebugAssets UP-TO-DATE
> Task :library:JustFLAC:mergeDebugAssets UP-TO-DATE
> Task :library:library:generateDebugAssets UP-TO-DATE
> Task :library:library:mergeDebugAssets UP-TO-DATE
> Task :db-room:mergeDebugAndroidTestAssets UP-TO-DATE
> Task :db-room:compressDebugAndroidTestAssets UP-TO-DATE
> Task :db-room:generateDebugAndroidTestGlobalSynthetics UP-TO-DATE
> Task :core:processDebugJavaRes UP-TO-DATE
> Task :db-room:processDebugAndroidTestJavaRes NO-SOURCE
> Task :db-room:processDebugJavaRes UP-TO-DATE
> Task :library:jaudiotagger-android:processDebugJavaRes NO-SOURCE
> Task :library:JustFLAC:processDebugJavaRes NO-SOURCE
> Task :library:library:processDebugJavaRes UP-TO-DATE
> Task :db-room:mergeDebugAndroidTestJavaResource UP-TO-DATE
> Task :db-room:checkDebugAndroidTestDuplicateClasses UP-TO-DATE
> Task :db-room:desugarDebugAndroidTestFileDependencies UP-TO-DATE
> Task :db-room:mergeExtDexDebugAndroidTest UP-TO-DATE
> Task :db-room:bundleLibRuntimeToDirDebug UP-TO-DATE
> Task :core:bundleLibRuntimeToDirDebug UP-TO-DATE
> Task :library:library:bundleLibRuntimeToDirDebug UP-TO-DATE
> Task :library:JustFLAC:bundleLibRuntimeToDirDebug UP-TO-DATE
> Task :library:jaudiotagger-android:bundleLibRuntimeToDirDebug UP-TO-DATE
> Task :db-room:bundleLibRuntimeToJarDebug UP-TO-DATE
> Task :db-room:hiltCollectClassesDebugAndroidTest UP-TO-DATE
> Task :db-room:hiltAggregateDepsDebugAndroidTest UP-TO-DATE
> Task :db-room:mergeLibDexDebugAndroidTest UP-TO-DATE
> Task :db-room:hiltJavaCompileDebugAndroidTest NO-SOURCE
> Task :core:mapDebugSourceSetPaths UP-TO-DATE
> Task :core:compileDebugLibraryResources UP-TO-DATE
> Task :core:writeDebugAarMetadata UP-TO-DATE
> Task :db-room:writeDebugAarMetadata UP-TO-DATE
> Task :library:jaudiotagger-android:writeDebugAarMetadata UP-TO-DATE
> Task :library:JustFLAC:writeDebugAarMetadata UP-TO-DATE
> Task :library:library:writeDebugAarMetadata UP-TO-DATE
> Task :db-room:checkDebugAndroidTestAarMetadata UP-TO-DATE
> Task :db-room:mapDebugAndroidTestSourceSetPaths UP-TO-DATE
> Task :db-room:compileDebugAndroidTestNavigationResources UP-TO-DATE
> Task :db-room:mapDebugSourceSetPaths UP-TO-DATE
> Task :db-room:compileDebugLibraryResources UP-TO-DATE
> Task :db-room:mergeDebugAndroidTestResources UP-TO-DATE
> Task :core:extractDeepLinksDebug UP-TO-DATE
> Task :core:processDebugManifest UP-TO-DATE
> Task :db-room:extractDeepLinksDebug UP-TO-DATE
> Task :db-room:processDebugManifest UP-TO-DATE
> Task :library:jaudiotagger-android:extractDeepLinksDebug UP-TO-DATE
> Task :library:jaudiotagger-android:processDebugManifest UP-TO-DATE
> Task :library:JustFLAC:extractDeepLinksDebug UP-TO-DATE
> Task :library:JustFLAC:processDebugManifest UP-TO-DATE
> Task :library:library:extractDeepLinksDebug UP-TO-DATE
> Task :library:library:processDebugManifest UP-TO-DATE
> Task :db-room:mergeDebugAndroidTestManifest
> Task :db-room:processDebugAndroidTestManifest
> Task :library:jaudiotagger-android:mapDebugSourceSetPaths UP-TO-DATE
> Task :library:jaudiotagger-android:compileDebugLibraryResources UP-TO-DATE
> Task :library:JustFLAC:mapDebugSourceSetPaths UP-TO-DATE
> Task :library:JustFLAC:compileDebugLibraryResources UP-TO-DATE
> Task :library:library:mapDebugSourceSetPaths UP-TO-DATE
> Task :library:library:compileDebugLibraryResources UP-TO-DATE
> Task :core:mergeDebugJniLibFolders UP-TO-DATE
> Task :core:mergeDebugNativeLibs NO-SOURCE
> Task :core:copyDebugJniLibsProjectOnly UP-TO-DATE
> Task :db-room:mergeDebugJniLibFolders UP-TO-DATE
> Task :db-room:mergeDebugNativeLibs NO-SOURCE
> Task :db-room:copyDebugJniLibsProjectOnly UP-TO-DATE
> Task :db-room:mergeDebugAndroidTestJniLibFolders UP-TO-DATE
> Task :library:jaudiotagger-android:mergeDebugJniLibFolders UP-TO-DATE
> Task :library:jaudiotagger-android:mergeDebugNativeLibs NO-SOURCE
> Task :library:jaudiotagger-android:copyDebugJniLibsProjectOnly UP-TO-DATE
> Task :library:JustFLAC:mergeDebugJniLibFolders UP-TO-DATE
> Task :library:JustFLAC:mergeDebugNativeLibs NO-SOURCE
> Task :library:JustFLAC:copyDebugJniLibsProjectOnly UP-TO-DATE
> Task :library:library:mergeDebugJniLibFolders UP-TO-DATE
> Task :library:library:mergeDebugNativeLibs NO-SOURCE
> Task :library:library:copyDebugJniLibsProjectOnly UP-TO-DATE
> Task :db-room:mergeDebugAndroidTestNativeLibs UP-TO-DATE
> Task :db-room:stripDebugAndroidTestDebugSymbols UP-TO-DATE
> Task :db-room:validateSigningDebugAndroidTest UP-TO-DATE
> Task :db-room:writeDebugAndroidTestSigningConfigVersions UP-TO-DATE
> Task :db-room:processDebugAndroidTestResources
> Task :db-room:transformDebugAndroidTestClassesWithAsm UP-TO-DATE
> Task :db-room:dexBuilderDebugAndroidTest UP-TO-DATE
> Task :db-room:mergeProjectDexDebugAndroidTest UP-TO-DATE
> Task :db-room:packageDebugAndroidTest
> Task :db-room:createDebugAndroidTestApkListingFileRedirect UP-TO-DATE
> Task :db-room:assembleDebugAndroidTest

[Incubating] Problems report is available at: file:///Users/thawee.p/Workspaces/github/musicmate/build/reports/problems/problems-report.html

Deprecated Gradle features were used in this build, making it incompatible with Gradle 10.

You can use '--warning-mode all' to show the individual deprecation warnings and determine if they come from your own scripts or plugins.

For more on this, please refer to https://docs.gradle.org/9.6.0/userguide/command_line_interface.html#sec:command_line_warnings in the Gradle documentation.

BUILD SUCCESSFUL in 2s
130 actionable tasks: 4 executed, 126 up-to-date
Consider enabling configuration cache to speed up this build: https://docs.gradle.org/9.6.0/userguide/configuration_cache_enabling.html
