{
  "idle": {
    "head": {
      "n": 256,
      "median_ms": 8.64513,
      "p95_ms": 19.15342425,
      "p99_ms": 20.917621999999994,
      "max_ms": 22.929063
    },
    "header": {
      "n": 256,
      "median_ms": 18.032317499999998,
      "p95_ms": 19.507252,
      "p99_ms": 20.398601649999996,
      "max_ms": 22.837032
    },
    "seek": {
      "n": 192,
      "median_ms": 17.9254425,
      "p95_ms": 19.31707785,
      "p99_ms": 19.713698680000004,
      "max_ms": 21.351615
    }
  },
  "before": {
    "head": {
      "n": 256,
      "median_ms": 5.1341405,
      "p95_ms": 15.547591,
      "p99_ms": 18.748742099999994,
      "max_ms": 19.387395
    },
    "header": {
      "n": 256,
      "median_ms": 5.061719,
      "p95_ms": 16.95757825,
      "p99_ms": 19.074934649999992,
      "max_ms": 20.163542
    },
    "seek": {
      "n": 192,
      "median_ms": 4.941015500000001,
      "p95_ms": 6.736807449999999,
      "p99_ms": 7.780761210000003,
      "max_ms": 9.124531
    },
    "lookup_median_us": 2691.78751171875,
    "worker_cpu_median_s": 29.6065833635,
    "completion_median_s": 7.6550400750000005
  },
  "indexed": {
    "head": {
      "n": 256,
      "median_ms": 8.0932555,
      "p95_ms": 19.55339875,
      "p99_ms": 20.429916499999997,
      "max_ms": 21.130313
    },
    "header": {
      "n": 256,
      "median_ms": 17.946067999999997,
      "p95_ms": 19.242005499999998,
      "p99_ms": 19.87330265,
      "max_ms": 20.613906
    },
    "seek": {
      "n": 192,
      "median_ms": 17.940156,
      "p95_ms": 19.221906399999998,
      "p99_ms": 19.43449237,
      "max_ms": 20.971094
    },
    "lookup_median_us": 52.50732421875,
    "worker_cpu_median_s": 0.535314026,
    "completion_median_s": 0.14308835949999998
  }
}
