[
  {
    "name": "pilot-0-trace",
    "instrumentation": "trace",
    "latency": {
      "head": {
        "n": 128,
        "median_ms": 8.816693,
        "p95_ms": 18.80229995,
        "p99_ms": 21.19852861,
        "max_ms": 21.289375
      },
      "header": {
        "n": 128,
        "median_ms": 13.1151825,
        "p95_ms": 19.80438795,
        "p99_ms": 21.544391360000002,
        "max_ms": 22.123437
      },
      "seek": {
        "n": 96,
        "median_ms": 11.7072915,
        "p95_ms": 18.9494015,
        "p99_ms": 20.315760399999995,
        "max_ms": 21.327708
      }
    },
    "clock_snapshot_offset_spread_ns": 104,
    "marker_alignment_verified_requests": 352,
    "quality": [],
    "seek_state_medians": {
      "ttfb_ms": 11.7072915,
      "selector_running_ms": 1.1053125,
      "selector_runnable_ms": 0.43143200000000004,
      "selector_sleeping_ms": 10.103777000000001,
      "selector_uninterruptible_ms": 0.0,
      "selector_running_frequency_khz": 1287617.2107170522,
      "producer_running_ms": 0.1902865,
      "producer_runnable_ms": 0.090834,
      "producer_sleeping_ms": 11.4514055,
      "producer_uninterruptible_ms": 0.0,
      "producer_running_frequency_khz": 1363200.0,
      "workers_running_ms": 5.922813,
      "workers_runnable_ms": 0.7068995,
      "workers_sleeping_ms": 85.9247895,
      "workers_uninterruptible_ms": 0.0,
      "workers_running_frequency_khz": 1275767.3165752268,
      "client_running_ms": 1.8075525,
      "client_runnable_ms": 0.3740365,
      "client_sleeping_ms": 9.3711725,
      "client_uninterruptible_ms": 0.0,
      "client_running_frequency_khz": 1274094.7424079757,
      "recorded_gc_pause_overlap_ms": 0.0
    },
    "slow_seeks": [
      {
        "kind": "seek",
        "range": "bytes=10653502-10719037",
        "ttfb_ms": 21.327708,
        "trace_start_ns": 1425265564988546,
        "trace_headers_ns": 1425265586316254,
        "marker_lead_us": 4.115,
        "marker_trail_us": 18.958,
        "selector_running_ms": 1.982811,
        "selector_runnable_ms": 2.634324,
        "selector_sleeping_ms": 16.710573,
        "selector_uninterruptible_ms": 0.0,
        "selector_running_frequency_khz": 762901.4057315598,
        "selector_frequency_coverage_fraction": 1.0,
        "producer_running_ms": 0.90703,
        "producer_runnable_ms": 0.82797,
        "producer_sleeping_ms": 19.592708,
        "producer_uninterruptible_ms": 0.0,
        "producer_running_frequency_khz": 1363200.0,
        "producer_frequency_coverage_fraction": 1.0,
        "workers_running_ms": 10.955572,
        "workers_runnable_ms": 1.929377,
        "workers_sleeping_ms": 157.736715,
        "workers_uninterruptible_ms": 0.0,
        "workers_running_frequency_khz": 653584.696590922,
        "workers_frequency_coverage_fraction": 1.0,
        "client_running_ms": 3.080209,
        "client_runnable_ms": 2.494062,
        "client_sleeping_ms": 15.753437,
        "client_uninterruptible_ms": 0.0,
        "client_running_frequency_khz": 616891.3114662025,
        "client_frequency_coverage_fraction": 1.0,
        "recorded_gc_pause_overlap_ms": 0.0
      },
      {
        "kind": "seek",
        "range": "bytes=12220187-12285722",
        "ttfb_ms": 20.2625,
        "trace_start_ns": 1425257477983601,
        "trace_headers_ns": 1425257498246101,
        "marker_lead_us": 102.604,
        "marker_trail_us": 25.833,
        "selector_running_ms": 1.963853,
        "selector_runnable_ms": 0.304115,
        "selector_sleeping_ms": 17.994532,
        "selector_uninterruptible_ms": 0.0,
        "selector_running_frequency_khz": 611513.8304139872,
        "selector_frequency_coverage_fraction": 1.0,
        "producer_running_ms": 0.216094,
        "producer_runnable_ms": 0.027031,
        "producer_sleeping_ms": 20.019375,
        "producer_uninterruptible_ms": 0.0,
        "producer_running_frequency_khz": 748800.0,
        "producer_frequency_coverage_fraction": 1.0,
        "workers_running_ms": 9.342657,
        "workers_runnable_ms": 2.615103,
        "workers_sleeping_ms": 150.14224,
        "workers_uninterruptible_ms": 0.0,
        "workers_running_frequency_khz": 784469.5870136301,
        "workers_frequency_coverage_fraction": 1.0,
        "client_running_ms": 3.488593,
        "client_runnable_ms": 0.975261,
        "client_sleeping_ms": 15.798646,
        "client_uninterruptible_ms": 0.0,
        "client_running_frequency_khz": 643992.0827680386,
        "client_frequency_coverage_fraction": 1.0,
        "recorded_gc_pause_overlap_ms": 0.0
      },
      {
        "kind": "seek",
        "range": "bytes=4073425-4138960",
        "ttfb_ms": 20.13526,
        "trace_start_ns": 1425253560479384,
        "trace_headers_ns": 1425253580614644,
        "marker_lead_us": 3.386,
        "marker_trail_us": 33.229,
        "selector_running_ms": 1.438959,
        "selector_runnable_ms": 1.634634,
        "selector_sleeping_ms": 17.061667,
        "selector_uninterruptible_ms": 0.0,
        "selector_running_frequency_khz": 873877.9943000461,
        "selector_frequency_coverage_fraction": 1.0,
        "producer_running_ms": 0.871146,
        "producer_runnable_ms": 0.786042,
        "producer_sleeping_ms": 18.478072,
        "producer_uninterruptible_ms": 0.0,
        "producer_running_frequency_khz": 671740.6781412071,
        "producer_frequency_coverage_fraction": 1.0,
        "workers_running_ms": 12.193072,
        "workers_runnable_ms": 1.280157,
        "workers_sleeping_ms": 147.608851,
        "workers_uninterruptible_ms": 0.0,
        "workers_running_frequency_khz": 632966.0352698647,
        "workers_frequency_coverage_fraction": 1.0,
        "client_running_ms": 2.554011,
        "client_runnable_ms": 0.504531,
        "client_sleeping_ms": 17.076718,
        "client_uninterruptible_ms": 0.0,
        "client_running_frequency_khz": 843152.4907292882,
        "client_frequency_coverage_fraction": 1.0,
        "recorded_gc_pause_overlap_ms": 0.0
      },
      {
        "kind": "seek",
        "range": "bytes=2193403-2258938",
        "ttfb_ms": 19.930885,
        "trace_start_ns": 1425252654201103,
        "trace_headers_ns": 1425252674131988,
        "marker_lead_us": 2.5,
        "marker_trail_us": 31.458,
        "selector_running_ms": 1.838177,
        "selector_runnable_ms": 1.105834,
        "selector_sleeping_ms": 16.986874,
        "selector_uninterruptible_ms": 0.0,
        "selector_running_frequency_khz": 606740.7837221334,
        "selector_frequency_coverage_fraction": 1.0,
        "producer_running_ms": 0.30776,
        "producer_runnable_ms": 0.071718,
        "producer_sleeping_ms": 19.551407,
        "producer_uninterruptible_ms": 0.0,
        "producer_running_frequency_khz": 748800.0,
        "producer_frequency_coverage_fraction": 1.0,
        "workers_running_ms": 10.425263,
        "workers_runnable_ms": 2.610778,
        "workers_sleeping_ms": 146.411039,
        "workers_uninterruptible_ms": 0.0,
        "workers_running_frequency_khz": 748800.0,
        "workers_frequency_coverage_fraction": 1.0,
        "client_running_ms": 2.888748,
        "client_runnable_ms": 0.540989,
        "client_sleeping_ms": 16.501148,
        "client_uninterruptible_ms": 0.0,
        "client_running_frequency_khz": 644729.0023221133,
        "client_frequency_coverage_fraction": 1.0,
        "recorded_gc_pause_overlap_ms": 0.0
      },
      {
        "kind": "seek",
        "range": "bytes=8773480-8839015",
        "ttfb_ms": 19.209167,
        "trace_start_ns": 1425264660081098,
        "trace_headers_ns": 1425264679290265,
        "marker_lead_us": 4.01,
        "marker_trail_us": 52.135,
        "selector_running_ms": 1.517917,
        "selector_runnable_ms": 0.239427,
        "selector_sleeping_ms": 17.451823,
        "selector_uninterruptible_ms": 0.0,
        "selector_running_frequency_khz": 675746.7471541592,
        "selector_frequency_coverage_fraction": 1.0,
        "producer_running_ms": 0.253177,
        "producer_runnable_ms": 0.503906,
        "producer_sleeping_ms": 18.452084,
        "producer_uninterruptible_ms": 0.0,
        "producer_running_frequency_khz": 748800.0,
        "producer_frequency_coverage_fraction": 1.0,
        "workers_running_ms": 11.635519,
        "workers_runnable_ms": 1.213282,
        "workers_sleeping_ms": 140.824535,
        "workers_uninterruptible_ms": 0.0,
        "workers_running_frequency_khz": 655572.044461446,
        "workers_frequency_coverage_fraction": 1.0,
        "client_running_ms": 2.703386,
        "client_runnable_ms": 0.27802,
        "client_sleeping_ms": 16.227761,
        "client_uninterruptible_ms": 0.0,
        "client_running_frequency_khz": 658337.8231595488,
        "client_frequency_coverage_fraction": 1.0,
        "recorded_gc_pause_overlap_ms": 0.0
      },
      {
        "kind": "seek",
        "range": "bytes=2820077-2885612",
        "ttfb_ms": 18.862813,
        "trace_start_ns": 1425252955280113,
        "trace_headers_ns": 1425252974142926,
        "marker_lead_us": 2.24,
        "marker_trail_us": 24.479,
        "selector_running_ms": 2.081249,
        "selector_runnable_ms": 0.320208,
        "selector_sleeping_ms": 16.461356,
        "selector_uninterruptible_ms": 0.0,
        "selector_running_frequency_khz": 619195.2097995002,
        "selector_frequency_coverage_fraction": 1.0,
        "producer_running_ms": 0.292031,
        "producer_runnable_ms": 0.096042,
        "producer_sleeping_ms": 18.47474,
        "producer_uninterruptible_ms": 0.0,
        "producer_running_frequency_khz": 748800.0,
        "producer_frequency_coverage_fraction": 1.0,
        "workers_running_ms": 9.640727,
        "workers_runnable_ms": 1.999688,
        "workers_sleeping_ms": 139.262089,
        "workers_uninterruptible_ms": 0.0,
        "workers_running_frequency_khz": 770384.294877347,
        "workers_frequency_coverage_fraction": 1.0,
        "client_running_ms": 2.874636,
        "client_runnable_ms": 0.514844,
        "client_sleeping_ms": 15.473333,
        "client_uninterruptible_ms": 0.0,
        "client_running_frequency_khz": 685971.1813252182,
        "client_frequency_coverage_fraction": 1.0,
        "recorded_gc_pause_overlap_ms": 0.0
      },
      {
        "kind": "seek",
        "range": "bytes=3133414-3198949",
        "ttfb_ms": 18.857344,
        "trace_start_ns": 1425261945193287,
        "trace_headers_ns": 1425261964050631,
        "marker_lead_us": 2.604,
        "marker_trail_us": 29.999,
        "selector_running_ms": 1.831876,
        "selector_runnable_ms": 1.146041,
        "selector_sleeping_ms": 15.879427,
        "selector_uninterruptible_ms": 0.0,
        "selector_running_frequency_khz": 747975.6647283987,
        "selector_frequency_coverage_fraction": 1.0,
        "producer_running_ms": 0.2675,
        "producer_runnable_ms": 0.041458,
        "producer_sleeping_ms": 18.548386,
        "producer_uninterruptible_ms": 0.0,
        "producer_running_frequency_khz": 748800.0,
        "producer_frequency_coverage_fraction": 1.0,
        "workers_running_ms": 9.640678,
        "workers_runnable_ms": 1.962187,
        "workers_sleeping_ms": 139.255887,
        "workers_uninterruptible_ms": 0.0,
        "workers_running_frequency_khz": 748800.0,
        "workers_frequency_coverage_fraction": 1.0,
        "client_running_ms": 2.395364,
        "client_runnable_ms": 0.669116,
        "client_sleeping_ms": 15.792864,
        "client_uninterruptible_ms": 0.0,
        "client_running_frequency_khz": 714462.7919598024,
        "client_frequency_coverage_fraction": 1.0,
        "recorded_gc_pause_overlap_ms": 0.0
      },
      {
        "kind": "seek",
        "range": "bytes=10026828-10092363",
        "ttfb_ms": 18.843281,
        "trace_start_ns": 1425265261929379,
        "trace_headers_ns": 1425265280772660,
        "marker_lead_us": 1.198,
        "marker_trail_us": 16.927,
        "selector_running_ms": 1.756458,
        "selector_runnable_ms": 0.36,
        "selector_sleeping_ms": 16.726823,
        "selector_uninterruptible_ms": 0.0,
        "selector_running_frequency_khz": 737262.0817577193,
        "selector_frequency_coverage_fraction": 1.0,
        "producer_running_ms": 0.254167,
        "producer_runnable_ms": 0.095936,
        "producer_sleeping_ms": 18.493178,
        "producer_uninterruptible_ms": 0.0,
        "producer_running_frequency_khz": 1363200.0,
        "producer_frequency_coverage_fraction": 1.0,
        "workers_running_ms": 10.362867,
        "workers_runnable_ms": 2.040728,
        "workers_sleeping_ms": 138.342653,
        "workers_uninterruptible_ms": 0.0,
        "workers_running_frequency_khz": 764221.6998056619,
        "workers_frequency_coverage_fraction": 1.0,
        "client_running_ms": 2.63974,
        "client_runnable_ms": 0.505625,
        "client_sleeping_ms": 15.697916,
        "client_uninterruptible_ms": 0.0,
        "client_running_frequency_khz": 796269.7950555737,
        "client_frequency_coverage_fraction": 1.0,
        "recorded_gc_pause_overlap_ms": 0.0
      }
    ]
  }
]
