WARNING: A restricted method in java.lang.System has been called
WARNING: java.lang.System::load has been called by net.rubygrapefruit.platform.internal.NativeLibraryLoader in an unnamed module (file:/Users/thawee.p/.gradle/wrapper/dists/gradle-9.6.0-bin/24oeilp3acun5ick6dmu928p7o/gradle-9.6.0/lib/native-platform-0.22-milestone-29.jar)
WARNING: Use --enable-native-access=ALL-UNNAMED to avoid a warning for callers in this module
WARNING: Restricted methods will be blocked in a future release unless native access is enabled


> Configure project :app
WARNING: The option setting 'android.experimental.enableScreenshotTest=true' is experimental.
The current default is 'false'.
Add android.sync.suppressAgpWarnings=UNSUPPORTED_PROJECT_OPTION_USE to the gradle.properties file to suppress this warning.

> Task :core:preBuild UP-TO-DATE
> Task :core:preDebugBuild UP-TO-DATE
> Task :core:generateDebugResources UP-TO-DATE
> Task :core:packageDebugResources UP-TO-DATE
> Task :core:processDebugNavigationResources UP-TO-DATE
> Task :core:parseDebugLocalResources UP-TO-DATE
> Task :library:jaudiotagger-android:preBuild UP-TO-DATE
> Task :library:jaudiotagger-android:preDebugBuild UP-TO-DATE
> Task :library:jaudiotagger-android:generateDebugResources UP-TO-DATE
> Task :library:jaudiotagger-android:packageDebugResources UP-TO-DATE
> Task :library:jaudiotagger-android:processDebugNavigationResources UP-TO-DATE
> Task :library:jaudiotagger-android:parseDebugLocalResources UP-TO-DATE
> Task :library:jaudiotagger-android:generateDebugRFile UP-TO-DATE
> Task :library:JustFLAC:preBuild UP-TO-DATE
> Task :library:JustFLAC:preDebugBuild UP-TO-DATE
> Task :library:JustFLAC:generateDebugResources UP-TO-DATE
> Task :library:JustFLAC:packageDebugResources UP-TO-DATE
> Task :library:JustFLAC:processDebugNavigationResources UP-TO-DATE
> Task :library:JustFLAC:parseDebugLocalResources UP-TO-DATE
> Task :library:JustFLAC:generateDebugRFile UP-TO-DATE
> Task :library:library:preBuild UP-TO-DATE
> Task :library:library:preDebugBuild UP-TO-DATE
> Task :library:library:generateDebugResources UP-TO-DATE
> Task :library:library:packageDebugResources UP-TO-DATE
> Task :library:library:processDebugNavigationResources UP-TO-DATE
> Task :library:library:parseDebugLocalResources UP-TO-DATE
> Task :library:library:generateDebugRFile UP-TO-DATE
> Task :core:generateDebugRFile UP-TO-DATE
> Task :library:jaudiotagger-android:compileDebugKotlin NO-SOURCE
> Task :library:jaudiotagger-android:javaPreCompileDebug UP-TO-DATE
> Task :library:jaudiotagger-android:compileDebugJavaWithJavac UP-TO-DATE
> Task :library:jaudiotagger-android:bundleLibCompileToJarDebug UP-TO-DATE
> Task :library:JustFLAC:compileDebugKotlin NO-SOURCE
> Task :library:JustFLAC:javaPreCompileDebug UP-TO-DATE
> Task :library:JustFLAC:compileDebugJavaWithJavac UP-TO-DATE
> Task :library:JustFLAC:bundleLibCompileToJarDebug UP-TO-DATE
> Task :library:library:compileDebugKotlin NO-SOURCE
> Task :library:library:javaPreCompileDebug UP-TO-DATE
> Task :library:library:compileDebugJavaWithJavac UP-TO-DATE
> Task :library:library:bundleLibCompileToJarDebug UP-TO-DATE
> Task :core:kspDebugKotlin UP-TO-DATE
> Task :core:compileDebugKotlin UP-TO-DATE
> Task :core:javaPreCompileDebug UP-TO-DATE
> Task :core:compileDebugJavaWithJavac UP-TO-DATE
> Task :library:jaudiotagger-android:bundleLibRuntimeToJarDebug UP-TO-DATE
> Task :library:JustFLAC:bundleLibRuntimeToJarDebug UP-TO-DATE
> Task :library:library:bundleLibRuntimeToJarDebug UP-TO-DATE
> Task :core:transformDebugClassesWithAsm UP-TO-DATE
> Task :core:bundleLibRuntimeToJarDebug UP-TO-DATE
> Task :core:preDebugUnitTestBuild UP-TO-DATE
> Task :core:generateDebugUnitTestStubRFile UP-TO-DATE
> Task :core:processDebugJavaRes UP-TO-DATE
> Task :core:bundleLibCompileToJarDebug UP-TO-DATE
> Task :core:kspDebugUnitTestKotlin UP-TO-DATE
> Task :core:compileDebugUnitTestKotlin UP-TO-DATE
> Task :core:processDebugUnitTestJavaRes UP-TO-DATE
> Task :core:javaPreCompileDebugUnitTest UP-TO-DATE
> Task :core:compileDebugUnitTestJavaWithJavac UP-TO-DATE
> Task :core:hiltCollectClassesDebugUnitTest UP-TO-DATE
> Task :core:hiltAggregateDepsDebugUnitTest UP-TO-DATE
> Task :core:hiltJavaCompileDebugUnitTest NO-SOURCE
> Task :core:transformDebugUnitTestClassesWithAsm UP-TO-DATE
> Task :library:jaudiotagger-android:processDebugJavaRes NO-SOURCE
> Task :library:JustFLAC:processDebugJavaRes NO-SOURCE
> Task :library:library:processDebugJavaRes UP-TO-DATE
> Task :core:testDebugUnitTest
> Task :server-jupnp:preBuild UP-TO-DATE
> Task :server-jupnp:preDebugBuild UP-TO-DATE
> Task :server-jupnp:generateDebugResources UP-TO-DATE
> Task :server-jupnp:packageDebugResources UP-TO-DATE
> Task :server-jupnp:processDebugNavigationResources UP-TO-DATE
> Task :server-jupnp:parseDebugLocalResources UP-TO-DATE
> Task :server-jupnp:generateDebugRFile UP-TO-DATE
> Task :server-jupnp:kspDebugKotlin UP-TO-DATE
> Task :server-jupnp:compileDebugKotlin NO-SOURCE
> Task :server-jupnp:javaPreCompileDebug UP-TO-DATE
> Task :server-jupnp:compileDebugJavaWithJavac UP-TO-DATE
> Task :server-jupnp:transformDebugClassesWithAsm UP-TO-DATE
> Task :server-jupnp:bundleLibRuntimeToJarDebug UP-TO-DATE
> Task :server-jupnp:preDebugUnitTestBuild UP-TO-DATE
> Task :server-jupnp:generateDebugUnitTestStubRFile UP-TO-DATE
> Task :server-jupnp:processDebugJavaRes NO-SOURCE
> Task :server-jupnp:bundleLibCompileToJarDebug UP-TO-DATE
> Task :server-jupnp:kspDebugUnitTestKotlin UP-TO-DATE
> Task :server-jupnp:compileDebugUnitTestKotlin NO-SOURCE
> Task :server-jupnp:processDebugUnitTestJavaRes NO-SOURCE
> Task :server-jupnp:javaPreCompileDebugUnitTest UP-TO-DATE
> Task :server-jupnp:compileDebugUnitTestJavaWithJavac UP-TO-DATE
> Task :server-jupnp:hiltCollectClassesDebugUnitTest UP-TO-DATE
> Task :server-jupnp:hiltAggregateDepsDebugUnitTest UP-TO-DATE
> Task :server-jupnp:hiltJavaCompileDebugUnitTest NO-SOURCE
> Task :server-jupnp:transformDebugUnitTestClassesWithAsm UP-TO-DATE
> Task :server-jupnp:testDebugUnitTest UP-TO-DATE

[Incubating] Problems report is available at: file:///Users/thawee.p/Workspaces/github/musicmate/build/reports/problems/problems-report.html

Deprecated Gradle features were used in this build, making it incompatible with Gradle 10.

You can use '--warning-mode all' to show the individual deprecation warnings and determine if they come from your own scripts or plugins.

For more on this, please refer to https://docs.gradle.org/9.6.0/userguide/command_line_interface.html#sec:command_line_warnings in the Gradle documentation.

BUILD SUCCESSFUL in 41s
68 actionable tasks: 1 executed, 67 up-to-date
Consider enabling configuration cache to speed up this build: https://docs.gradle.org/9.6.0/userguide/configuration_cache_enabling.html
