{
  "initial": {
    "before": {
      "idle": {
        "head": {
          "n": 256,
          "median_ms": 8.1907555,
          "p95_ms": 19.520859,
          "p99_ms": 20.332843349999997,
          "max_ms": 21.314531
        },
        "header": {
          "n": 256,
          "median_ms": 17.927865,
          "p95_ms": 19.28688825,
          "p99_ms": 20.29145325,
          "max_ms": 21.265313
        },
        "seek": {
          "n": 192,
          "median_ms": 17.818854,
          "p95_ms": 19.6883697,
          "p99_ms": 20.252788629999998,
          "max_ms": 20.398594
        }
      },
      "before": {
        "head": {
          "n": 256,
          "median_ms": 5.2391925,
          "p95_ms": 14.893724,
          "p99_ms": 17.997047099999996,
          "max_ms": 18.450521
        },
        "header": {
          "n": 256,
          "median_ms": 5.105625,
          "p95_ms": 16.2258985,
          "p99_ms": 17.98886725,
          "max_ms": 18.41302
        },
        "seek": {
          "n": 192,
          "median_ms": 5.0676045,
          "p95_ms": 7.1994141,
          "p99_ms": 7.565573840000001,
          "max_ms": 8.071354
        }
      },
      "indexed": {
        "head": {
          "n": 256,
          "median_ms": 8.385182,
          "p95_ms": 19.10233075,
          "p99_ms": 19.969429549999994,
          "max_ms": 20.428438
        },
        "header": {
          "n": 256,
          "median_ms": 17.893124999999998,
          "p95_ms": 19.243216,
          "p99_ms": 19.61970795,
          "max_ms": 21.411875
        },
        "seek": {
          "n": 192,
          "median_ms": 17.864973499999998,
          "p95_ms": 19.4363279,
          "p99_ms": 20.0574788,
          "max_ms": 20.285312
        }
      }
    },
    "after": {
      "idle": {
        "head": {
          "n": 256,
          "median_ms": 6.948099,
          "p95_ms": 11.676315500000001,
          "p99_ms": 12.67045265,
          "max_ms": 14.761719
        },
        "header": {
          "n": 256,
          "median_ms": 10.024687,
          "p95_ms": 12.01242175,
          "p99_ms": 13.391301949999997,
          "max_ms": 15.272917
        },
        "seek": {
          "n": 192,
          "median_ms": 10.298203,
          "p95_ms": 13.048875199999996,
          "p99_ms": 14.746869590000005,
          "max_ms": 16.701041
        }
      },
      "before": {
        "head": {
          "n": 256,
          "median_ms": 3.9574995,
          "p95_ms": 10.487461249999999,
          "p99_ms": 11.002461049999999,
          "max_ms": 11.456615
        },
        "header": {
          "n": 256,
          "median_ms": 3.82414,
          "p95_ms": 10.121836,
          "p99_ms": 10.91428955,
          "max_ms": 12.240937
        },
        "seek": {
          "n": 192,
          "median_ms": 3.7477345,
          "p95_ms": 5.050719049999999,
          "p99_ms": 7.18944643,
          "max_ms": 7.880313
        }
      },
      "indexed": {
        "head": {
          "n": 256,
          "median_ms": 7.6225784999999995,
          "p95_ms": 11.4778125,
          "p99_ms": 12.129406499999996,
          "max_ms": 12.477552
        },
        "header": {
          "n": 256,
          "median_ms": 10.0785675,
          "p95_ms": 11.99342425,
          "p99_ms": 12.954734649999997,
          "max_ms": 13.276771
        },
        "seek": {
          "n": 192,
          "median_ms": 10.084453499999999,
          "p95_ms": 11.33980695,
          "p99_ms": 12.75559847,
          "max_ms": 13.127917
        }
      }
    }
  },
  "confirmation": {
    "before": {
      "idle": {
        "head": {
          "n": 256,
          "median_ms": 8.0815625,
          "p95_ms": 18.978150499999998,
          "p99_ms": 20.61948449999999,
          "max_ms": 21.278437
        },
        "header": {
          "n": 256,
          "median_ms": 15.982499999999998,
          "p95_ms": 20.264947749999997,
          "p99_ms": 21.7467391,
          "max_ms": 23.695729
        },
        "seek": {
          "n": 192,
          "median_ms": 15.7421875,
          "p95_ms": 19.37093745,
          "p99_ms": 20.574789720000005,
          "max_ms": 23.012447
        }
      }
    },
    "after": {
      "idle": {
        "head": {
          "n": 256,
          "median_ms": 5.800443,
          "p95_ms": 11.6493495,
          "p99_ms": 12.858989449999996,
          "max_ms": 15.887187
        },
        "header": {
          "n": 256,
          "median_ms": 10.103880499999999,
          "p95_ms": 11.63979175,
          "p99_ms": 12.172593249999998,
          "max_ms": 12.515156
        },
        "seek": {
          "n": 192,
          "median_ms": 10.2265365,
          "p95_ms": 11.6469375,
          "p99_ms": 12.82849804,
          "max_ms": 13.314323
        }
      }
    }
  },
  "combined": {
    "before": {
      "idle": {
        "head": {
          "n": 512,
          "median_ms": 8.135599,
          "p95_ms": 19.33568245,
          "p99_ms": 20.47045214,
          "max_ms": 21.314531
        },
        "header": {
          "n": 512,
          "median_ms": 17.5905205,
          "p95_ms": 19.637570349999997,
          "p99_ms": 21.248520839999998,
          "max_ms": 23.695729
        },
        "seek": {
          "n": 384,
          "median_ms": 16.7376825,
          "p95_ms": 19.59965625,
          "p99_ms": 20.308850250000003,
          "max_ms": 23.012447
        }
      },
      "before": {
        "head": {
          "n": 256,
          "median_ms": 5.2391925,
          "p95_ms": 14.893724,
          "p99_ms": 17.997047099999996,
          "max_ms": 18.450521
        },
        "header": {
          "n": 256,
          "median_ms": 5.105625,
          "p95_ms": 16.2258985,
          "p99_ms": 17.98886725,
          "max_ms": 18.41302
        },
        "seek": {
          "n": 192,
          "median_ms": 5.0676045,
          "p95_ms": 7.1994141,
          "p99_ms": 7.565573840000001,
          "max_ms": 8.071354
        }
      },
      "indexed": {
        "head": {
          "n": 256,
          "median_ms": 8.385182,
          "p95_ms": 19.10233075,
          "p99_ms": 19.969429549999994,
          "max_ms": 20.428438
        },
        "header": {
          "n": 256,
          "median_ms": 17.893124999999998,
          "p95_ms": 19.243216,
          "p99_ms": 19.61970795,
          "max_ms": 21.411875
        },
        "seek": {
          "n": 192,
          "median_ms": 17.864973499999998,
          "p95_ms": 19.4363279,
          "p99_ms": 20.0574788,
          "max_ms": 20.285312
        }
      }
    },
    "after": {
      "idle": {
        "head": {
          "n": 512,
          "median_ms": 6.2622395,
          "p95_ms": 11.6855759,
          "p99_ms": 12.71882383,
          "max_ms": 15.887187
        },
        "header": {
          "n": 512,
          "median_ms": 10.058646,
          "p95_ms": 11.90389795,
          "p99_ms": 12.897210659999995,
          "max_ms": 15.272917
        },
        "seek": {
          "n": 384,
          "median_ms": 10.254922,
          "p95_ms": 12.24795055,
          "p99_ms": 14.51445389,
          "max_ms": 16.701041
        }
      },
      "before": {
        "head": {
          "n": 256,
          "median_ms": 3.9574995,
          "p95_ms": 10.487461249999999,
          "p99_ms": 11.002461049999999,
          "max_ms": 11.456615
        },
        "header": {
          "n": 256,
          "median_ms": 3.82414,
          "p95_ms": 10.121836,
          "p99_ms": 10.91428955,
          "max_ms": 12.240937
        },
        "seek": {
          "n": 192,
          "median_ms": 3.7477345,
          "p95_ms": 5.050719049999999,
          "p99_ms": 7.18944643,
          "max_ms": 7.880313
        }
      },
      "indexed": {
        "head": {
          "n": 256,
          "median_ms": 7.6225784999999995,
          "p95_ms": 11.4778125,
          "p99_ms": 12.129406499999996,
          "max_ms": 12.477552
        },
        "header": {
          "n": 256,
          "median_ms": 10.0785675,
          "p95_ms": 11.99342425,
          "p99_ms": 12.954734649999997,
          "max_ms": 13.276771
        },
        "seek": {
          "n": 192,
          "median_ms": 10.084453499999999,
          "p95_ms": 11.33980695,
          "p99_ms": 12.75559847,
          "max_ms": 13.127917
        }
      }
    }
  }
}
